[webkit.moxcreative.com/popglace/template-kit/index.html]
[backblue.gif]
[fade.gif]
[index.html]
[webkit.moxcreative.com/popglace/wp-includes/css/dist/block-library/style.min3781.css]
[webkit.moxcreative.com/popglace/wp-includes/css/classic-themes.min3781.css]
[webkit.moxcreative.com/popglace/wp-content/plugins/template-kit-export/public/assets/css/template-kit-export-public.min365c.css]
[webkit.moxcreative.com/popglace/wp-content/themes/hello-elementor/style.min1102.css]
[webkit.moxcreative.com/popglace/template-kit/feed/index.html]
[webkit.moxcreative.com/popglace/wp-content/themes/hello-elementor/theme.min1102.css]
[webkit.moxcreative.com/popglace/wp-content/plugins/elementor/assets/css/frontend-lite.mina1c3.css]
[webkit.moxcreative.com/popglace/wp-content/uploads/sites/2/elementor/css/post-10c3c2.css]
[webkit.moxcreative.com/popglace/wp-content/plugins/elementor/assets/lib/eicons/css/elementor-icons.minfc13.css]
[webkit.moxcreative.com/popglace/wp-content/plugins/elementor/assets/lib/swiper/v8/css/swiper.min94a4.css]
[webkit.moxcreative.com/popglace/wp-content/plugins/elementor-pro/assets/css/frontend-lite.min695d.css]
[webkit.moxcreative.com/popglace/wp-content/uploads/sites/2/elementor/css/post-44c3c2.css]
[webkit.moxcreative.com/popglace/wp-content/uploads/sites/2/elementor/css/post-56c3c2.css]
[webkit.moxcreative.com/popglace/wp-content/uploads/sites/2/elementor/css/post-1045434.css]
[webkit.moxcreative.com/popglace/wp-content/plugins/elementskit-lite/modules/elementskit-icon-pack/assets/css/ekiticons5b0a.css]
[webkit.moxcreative.com/popglace/wp-content/plugins/skyboot-custom-icons-for-elementor/assets/css/icomoon_brands0ba6.css]
[webkit.moxcreative.com/popglace/wp-content/plugins/skyboot-custom-icons-for-elementor/assets/css/devicons.min0ba6.css]
[webkit.moxcreative.com/popglace/wp-content/plugins/skyboot-custom-icons-for-elementor/assets/css/elegant0ba6.css]
[webkit.moxcreative.com/popglace/wp-content/plugins/skyboot-custom-icons-for-elementor/assets/css/elusive-icons.min0ba6.css]
[webkit.moxcreative.com/popglace/wp-content/plugins/skyboot-custom-icons-for-elementor/assets/css/icofont.min0ba6.css]
[webkit.moxcreative.com/popglace/wp-content/plugins/skyboot-custom-icons-for-elementor/assets/css/icomoon0ba6.css]
[webkit.moxcreative.com/popglace/wp-content/plugins/skyboot-custom-icons-for-elementor/assets/css/iconic0ba6.css]
[webkit.moxcreative.com/popglace/wp-content/plugins/skyboot-custom-icons-for-elementor/assets/css/ionicons.min0ba6.css]
[webkit.moxcreative.com/popglace/wp-content/plugins/skyboot-custom-icons-for-elementor/assets/css/linearicons0ba6.css]
[webkit.moxcreative.com/popglace/wp-content/plugins/skyboot-custom-icons-for-elementor/assets/css/line-awesome.min0ba6.css]
[webkit.moxcreative.com/popglace/wp-content/plugins/skyboot-custom-icons-for-elementor/assets/css/lineicons0ba6.css]
[webkit.moxcreative.com/popglace/wp-content/plugins/skyboot-custom-icons-for-elementor/assets/css/open-iconic0ba6.css]
[webkit.moxcreative.com/popglace/wp-content/plugins/skyboot-custom-icons-for-elementor/assets/css/simple-line-icons0ba6.css]
[webkit.moxcreative.com/popglace/wp-content/plugins/skyboot-custom-icons-for-elementor/assets/css/themify0ba6.css]
[webkit.moxcreative.com/popglace/wp-content/plugins/skyboot-custom-icons-for-elementor/assets/css/materialdesignicons.min0ba6.css]
[webkit.moxcreative.com/popglace/wp-content/plugins/elementskit-lite/widgets/init/assets/css/widget-styles5b0a.css]
[webkit.moxcreative.com/popglace/wp-content/plugins/elementskit-lite/widgets/init/assets/css/responsive5b0a.css]
[webkit.moxcreative.com/popglace/wp-content/plugins/elementor/assets/lib/font-awesome/css/fontawesome.min52d5.css]
[webkit.moxcreative.com/popglace/wp-content/plugins/elementor/assets/lib/font-awesome/css/solid.min52d5.css]
[webkit.moxcreative.com/popglace/wp-content/plugins/elementor/assets/lib/font-awesome/css/brands.min52d5.css]
[webkit.moxcreative.com/popglace/wp-includes/js/jquery/jquery.min5aed.js]
[webkit.moxcreative.com/popglace/wp-includes/js/jquery/jquery-migrate.min6b00.js]
[webkit.moxcreative.com/popglace/wp-content/plugins/template-kit-export/public/assets/js/template-kit-export-public.min365c.js]
[webkit.moxcreative.com/popglace/wp-content/plugins/elementor-pro/assets/js/page-transitions.min695d.js]
[webkit.moxcreative.com/popglace/wp-content/uploads/sites/2/elementor/thumbs/Logo_PopGlace-q4ucju4jjo8eh403705jthoqk3t3ic35xkce1rg5q8.png]
[webkit.moxcreative.com/popglace/wp-content/plugins/elementor-pro/assets/css/widget-nav-menu.min.css]
[webkit.moxcreative.com/popglace/wp-content/plugins/elementor-pro/assets/css/widget-posts.min.css]
[webkit.moxcreative.com/popglace/template-kit/homepage/index.html]
[webkit.moxcreative.com/popglace/wp-content/uploads/sites/2/2023/04/Homepage.jpg]
[webkit.moxcreative.com/popglace/template-kit/product/index.html]
[webkit.moxcreative.com/popglace/template-kit/about-us/index.html]
[webkit.moxcreative.com/popglace/wp-content/uploads/sites/2/2023/04/Product.jpg]
[webkit.moxcreative.com/popglace/template-kit/booking/index.html]
[webkit.moxcreative.com/popglace/template-kit/single-product/index.html]
[webkit.moxcreative.com/popglace/wp-content/uploads/sites/2/2023/04/Single-product.jpg]
[webkit.moxcreative.com/popglace/template-kit/services/index.html]
[webkit.moxcreative.com/popglace/template-kit/contact-us/index.html]
[webkit.moxcreative.com/popglace/template-kit/team/index.html]
[webkit.moxcreative.com/popglace/wp-content/uploads/sites/2/2023/04/About-us.jpg]
[webkit.moxcreative.com/popglace/template-kit/faq/index.html]
[webkit.moxcreative.com/popglace/wp-content/uploads/sites/2/2023/04/Booking.jpg]
[webkit.moxcreative.com/popglace/wp-content/uploads/sites/2/2023/04/Services.jpg]
[webkit.moxcreative.com/popglace/wp-content/uploads/sites/2/2023/04/Team.jpg]
[webkit.moxcreative.com/popglace/wp-content/uploads/sites/2/2023/04/FAQ.jpg]
[webkit.moxcreative.com/popglace/wp-content/uploads/sites/2/2023/04/Contact-us.jpg]
[webkit.moxcreative.com/popglace/wp-content/uploads/sites/2/elementor/thumbs/Logo_PopGlace-q4ucju4jjo8hc8fhlnkhtaaxt8shhk5xhupoqdk934.png]
[webkit.moxcreative.com/popglace/wp-content/plugins/elementor/assets/css/widget-icon-list.min.css]
[webkit.moxcreative.com/popglace/wp-content/plugins/elementor/assets/lib/animations/animations.mina1c3.css]
[webkit.moxcreative.com/popglace/wp-content/themes/hello-elementor/assets/js/hello-frontend.min8a54.js]
[webkit.moxcreative.com/popglace/wp-content/plugins/elementor-pro/assets/lib/instant-page/instant-page.min695d.js]
[webkit.moxcreative.com/popglace/wp-content/plugins/elementskit-lite/libs/framework/assets/js/frontend-script5b0a.js]
[webkit.moxcreative.com/popglace/wp-content/plugins/elementskit-lite/widgets/init/assets/js/widget-scripts5b0a.js]
[webkit.moxcreative.com/popglace/wp-content/plugins/elementor-pro/assets/lib/smartmenus/jquery.smartmenus.minf269.js]
[webkit.moxcreative.com/popglace/wp-includes/js/imagesloaded.mineda1.js]
[webkit.moxcreative.com/popglace/wp-content/plugins/elementor-pro/assets/js/webpack-pro.runtime.min695d.js]
[webkit.moxcreative.com/popglace/wp-content/plugins/elementor/assets/js/webpack.runtime.mina1c3.js]
[webkit.moxcreative.com/popglace/wp-content/plugins/elementor/assets/js/frontend-modules.mina1c3.js]
[webkit.moxcreative.com/popglace/wp-includes/js/dist/vendor/wp-polyfill-inert.min0226.js]
[webkit.moxcreative.com/popglace/wp-includes/js/dist/vendor/regenerator-runtime.min8fa4.js]
[webkit.moxcreative.com/popglace/wp-includes/js/dist/vendor/wp-polyfill.min2c7c.js]
[webkit.moxcreative.com/popglace/wp-includes/js/dist/hooks.min6c65.js]
[webkit.moxcreative.com/popglace/wp-includes/js/dist/i18n.mine57b.js]
[webkit.moxcreative.com/popglace/wp-content/plugins/elementor-pro/assets/js/frontend.min695d.js]
[webkit.moxcreative.com/popglace/wp-content/plugins/elementor/assets/lib/waypoints/waypoints.min05da.js]
[webkit.moxcreative.com/popglace/wp-includes/js/jquery/ui/core.min3f14.js]
[webkit.moxcreative.com/popglace/wp-content/plugins/elementor/assets/js/frontend.mina1c3.js]
[webkit.moxcreative.com/popglace/wp-content/plugins/elementor-pro/assets/js/elements-handlers.min695d.js]
[webkit.moxcreative.com/popglace/wp-content/plugins/elementskit-lite/widgets/init/assets/js/animate-circle.min5b0a.js]
[webkit.moxcreative.com/popglace/template-kit/index.html]
[webkit.moxcreative.com/popglace/wp-includes/css/dist/block-library/style.min3781.css]
[webkit.moxcreative.com/popglace/wp-includes/css/classic-themes.min3781.css]
[webkit.moxcreative.com/popglace/wp-content/plugins/template-kit-export/public/assets/css/template-kit-export-public.min365c.css]
[webkit.moxcreative.com/popglace/wp-content/themes/hello-elementor/style.min1102.css]
[webkit.moxcreative.com/popglace/wp-content/themes/hello-elementor/theme.min1102.css]
[webkit.moxcreative.com/popglace/wp-content/plugins/elementor/assets/css/frontend-lite.mina1c3.css]
[webkit.moxcreative.com/popglace/wp-content/uploads/sites/2/elementor/css/post-10c3c2.css]
[webkit.moxcreative.com/popglace/wp-content/plugins/elementor/assets/lib/eicons/css/elementor-icons.minfc13.css]
[webkit.moxcreative.com/popglace/wp-content/plugins/elementor/assets/lib/swiper/v8/css/swiper.min94a4.css]
[webkit.moxcreative.com/popglace/wp-content/plugins/elementor-pro/assets/css/frontend-lite.min695d.css]
[webkit.moxcreative.com/popglace/wp-content/uploads/sites/2/elementor/css/post-44c3c2.css]
[webkit.moxcreative.com/popglace/wp-content/plugins/elementskit-lite/widgets/init/assets/js/elementor5b0a.js]
[webkit.moxcreative.com/popglace/wp-content/uploads/sites/2/2023/04/bg_footer.png]
[webkit.moxcreative.com/popglace/wp-content/uploads/sites/2/elementor/css/post-56c3c2.css]
[webkit.moxcreative.com/popglace/wp-content/uploads/sites/2/2023/04/bg_header.png]
[webkit.moxcreative.com/popglace/wp-content/uploads/sites/2/elementor/css/post-1045434.css]
[webkit.moxcreative.com/popglace/wp-content/plugins/elementskit-lite/modules/elementskit-icon-pack/assets/css/ekiticons5b0a.css]
[webkit.moxcreative.com/popglace/wp-content/plugins/skyboot-custom-icons-for-elementor/assets/css/icomoon_brands0ba6.css]
[webkit.moxcreative.com/popglace/wp-content/plugins/skyboot-custom-icons-for-elementor/assets/css/devicons.min0ba6.css]
[webkit.moxcreative.com/popglace/wp-content/plugins/skyboot-custom-icons-for-elementor/assets/css/elegant0ba6.css]
[webkit.moxcreative.com/popglace/wp-content/plugins/skyboot-custom-icons-for-elementor/assets/css/elusive-icons.min0ba6.css]
[webkit.moxcreative.com/popglace/wp-content/plugins/skyboot-custom-icons-for-elementor/assets/css/icofont.min0ba6.css]
[webkit.moxcreative.com/popglace/wp-content/plugins/skyboot-custom-icons-for-elementor/assets/css/icomoon0ba6.css]
[webkit.moxcreative.com/popglace/wp-content/plugins/skyboot-custom-icons-for-elementor/assets/css/iconic0ba6.css]
[webkit.moxcreative.com/popglace/wp-content/plugins/skyboot-custom-icons-for-elementor/assets/css/ionicons.min0ba6.css]
[webkit.moxcreative.com/popglace/wp-content/plugins/skyboot-custom-icons-for-elementor/assets/css/linearicons0ba6.css]
[webkit.moxcreative.com/popglace/wp-content/plugins/skyboot-custom-icons-for-elementor/assets/css/line-awesome.min0ba6.css]
[webkit.moxcreative.com/popglace/wp-content/plugins/skyboot-custom-icons-for-elementor/assets/css/lineicons0ba6.css]
[webkit.moxcreative.com/popglace/wp-content/plugins/skyboot-custom-icons-for-elementor/assets/css/materialdesignicons.min0ba6.css]
[webkit.moxcreative.com/popglace/wp-content/plugins/skyboot-custom-icons-for-elementor/assets/css/open-iconic0ba6.css]
[webkit.moxcreative.com/popglace/wp-content/plugins/skyboot-custom-icons-for-elementor/assets/css/simple-line-icons0ba6.css]
[webkit.moxcreative.com/popglace/wp-content/plugins/skyboot-custom-icons-for-elementor/assets/css/themify0ba6.css]
[webkit.moxcreative.com/popglace/wp-content/plugins/elementskit-lite/widgets/init/assets/img/arrow.png]
[webkit.moxcreative.com/popglace/wp-content/plugins/elementskit-lite/widgets/init/assets/img/sort_asc.png]
[webkit.moxcreative.com/popglace/wp-content/plugins/elementskit-lite/widgets/init/assets/img/sort_desc.png]
[webkit.moxcreative.com/popglace/wp-content/plugins/elementskit-lite/widgets/init/assets/img/sort_asc_disabled.png]
[webkit.moxcreative.com/popglace/wp-content/plugins/elementskit-lite/widgets/init/assets/css/widget-styles5b0a.css]
[webkit.moxcreative.com/popglace/wp-content/plugins/elementskit-lite/widgets/init/assets/css/responsive5b0a.css]
[webkit.moxcreative.com/popglace/wp-content/plugins/elementor/assets/lib/font-awesome/css/fontawesome.min52d5.css]
[webkit.moxcreative.com/popglace/wp-content/plugins/elementor/assets/lib/font-awesome/css/solid.min52d5.css]
[webkit.moxcreative.com/popglace/wp-content/plugins/elementor/assets/lib/font-awesome/css/brands.min52d5.css]
[webkit.moxcreative.com/popglace/wp-content/plugins/elementor-pro/assets/css/widget-nav-menu.min.css]
[webkit.moxcreative.com/popglace/wp-content/uploads/sites/2/elementor/css/post-9752086.css]
[webkit.moxcreative.com/popglace/wp-content/uploads/sites/2/2023/04/img_7.png]
[webkit.moxcreative.com/popglace/wp-content/uploads/sites/2/2023/04/img_2.png]
[webkit.moxcreative.com/popglace/wp-content/plugins/elementor-pro/assets/css/widget-call-to-action.min.css]
[webkit.moxcreative.com/popglace/wp-content/uploads/sites/2/elementor/thumbs/Group-16-q4wu6a30k6zmvz76ttrp0wu4m6l6spt02tz0guig3k.png]
[webkit.moxcreative.com/popglace/wp-content/plugins/elementor/assets/css/widget-icon-box.min.css]
[webkit.moxcreative.com/popglace/wp-content/uploads/sites/2/elementor/thumbs/Group-21-q4wu6dudbj4s6f1q7ve7avvyzq2nni7xfckydycveo.png]
[webkit.moxcreative.com/popglace/wp-content/uploads/sites/2/elementor/thumbs/Group-4-q4wu60omnumrnvkucppfbz7iobvinqropjg5o2wdts.png]
[webkit.moxcreative.com/popglace/wp-content/uploads/sites/2/elementor/thumbs/Group-3-q4wu60omnumrnvkucppfbz7iobvinqropjg5o2wdts.png]
[webkit.moxcreative.com/popglace/wp-content/uploads/sites/2/2023/04/logo-1.png]
[webkit.moxcreative.com/popglace/wp-content/uploads/sites/2/2023/04/logo-2.png]
[webkit.moxcreative.com/popglace/wp-content/uploads/sites/2/2023/04/logo-3.png]
[webkit.moxcreative.com/popglace/wp-content/uploads/sites/2/2023/04/logo-4.png]
[webkit.moxcreative.com/popglace/wp-content/uploads/sites/2/2023/04/logo-5.png]
[webkit.moxcreative.com/popglace/wp-content/uploads/sites/2/2023/04/logo-11.png]
[webkit.moxcreative.com/popglace/wp-content/uploads/sites/2/2023/04/img_6.png]
[webkit.moxcreative.com/popglace/wp-content/uploads/sites/2/2023/04/img_5.png]
[webkit.moxcreative.com/popglace/wp-content/uploads/sites/2/elementor/thumbs/img_57-q4ycwfsxb3zn01nboric7nabv0f1dl8kqcvjs0e800.png]
[webkit.moxcreative.com/popglace/wp-content/uploads/sites/2/elementor/thumbs/img_68-q4ycwgqrhy0xbnlyj9wys51sgeaelacb2hj19actts.png]
[webkit.moxcreative.com/popglace/wp-content/uploads/sites/2/elementor/thumbs/img_46-q4ycwev349ycofoou93pn5iv9mjo5w4ue882aqfm68.png]
[webkit.moxcreative.com/popglace/wp-content/uploads/sites/2/elementor/thumbs/img_71-q4ycwholos27n9kldsblcmt91s5rszg1em6iqkbfnk.png]
[webkit.moxcreative.com/popglace/wp-content/plugins/elementor-pro/assets/css/widget-carousel.min.css]
[webkit.moxcreative.com/popglace/wp-content/uploads/sites/2/2023/04/homemade-assorted-ice-cream-in-a-bowl.jpg]
[webkit.moxcreative.com/popglace/template-kit/homepage/index.html]
[webkit.moxcreative.com/popglace/wp-content/uploads/sites/2/elementor/css/post-678c3c2.css]
[webkit.moxcreative.com/popglace/wp-content/uploads/sites/2/2023/04/img__0004_Layer-4.jpg]
[webkit.moxcreative.com/popglace/wp-content/uploads/sites/2/2023/04/img__0006_Layer-2.jpg]
[webkit.moxcreative.com/popglace/wp-content/uploads/sites/2/2023/04/img__0005_Layer-3.jpg]
[webkit.moxcreative.com/popglace/wp-content/uploads/sites/2/2023/04/img__0002_Layer-6.jpg]
[webkit.moxcreative.com/popglace/template-kit/about-us/index.html]
[webkit.moxcreative.com/popglace/template-kit/product/index.html]
[webkit.moxcreative.com/popglace/wp-content/uploads/sites/2/elementor/css/post-853af78.css]
[webkit.moxcreative.com/popglace/wp-content/uploads/sites/2/elementor/css/post-772bbec.css]
[webkit.moxcreative.com/popglace/wp-content/uploads/sites/2/2023/04/img_1.png]
[webkit.moxcreative.com/popglace/template-kit/single-product/index.html]
[webkit.moxcreative.com/popglace/wp-content/uploads/sites/2/elementor/css/post-56308f2.css]
[webkit.moxcreative.com/popglace/wp-content/uploads/sites/2/2023/04/unicorn-ice-cream.jpg]
[webkit.moxcreative.com/popglace/wp-content/plugins/elementor/assets/lib/flatpickr/flatpickr.mineda1.css]
[webkit.moxcreative.com/popglace/template-kit/booking/index.html]
[webkit.moxcreative.com/popglace/wp-content/plugins/elementor/assets/lib/flatpickr/flatpickr.mineda1.js]
[webkit.moxcreative.com/popglace/template-kit/services/index.html]
[webkit.moxcreative.com/popglace/wp-content/uploads/sites/2/elementor/css/post-441614c.css]
[webkit.moxcreative.com/popglace/template-kit/contact-us/index.html]
[webkit.moxcreative.com/popglace/wp-content/uploads/sites/2/elementor/css/post-15313d6.css]
[webkit.moxcreative.com/popglace/wp-content/uploads/sites/2/elementor/css/post-311242b.css]
[webkit.moxcreative.com/popglace/wp-content/uploads/sites/2/2023/04/multi-ethnic-friends-in-an-ice-cream-parlor-eating-ice-cream-summer-fun-sucking-on-ice-cream.jpg]
[webkit.moxcreative.com/popglace/wp-content/uploads/sites/2/2023/04/img__0003_Layer-5.jpg]
[webkit.moxcreative.com/popglace/wp-content/uploads/sites/2/2023/04/img__0000_Layer-8.jpg]
[webkit.moxcreative.com/popglace/wp-content/uploads/sites/2/2023/04/img__0007_Layer-1.jpg]
[webkit.moxcreative.com/popglace/wp-content/uploads/sites/2/2023/04/img__0001_Layer-7.jpg]
[webkit.moxcreative.com/popglace/template-kit/team/index.html]
[webkit.moxcreative.com/popglace/template-kit/faq/index.html]
[webkit.moxcreative.com/popglace/wp-content/plugins/elementor-pro/assets/css/widget-posts.min.css]
[webkit.moxcreative.com/popglace/wp-content/plugins/elementor/assets/css/widget-icon-list.min.css]
[webkit.moxcreative.com/popglace/wp-content/plugins/elementor/assets/lib/animations/animations.mina1c3.css]
[webkit.moxcreative.com/popglace/wp-content/uploads/sites/2/elementor/css/post-226f285.css]
[webkit.moxcreative.com/popglace/wp-content/uploads/sites/2/2023/04/hero_bg.png]
[webkit.moxcreative.com/popglace/wp-content/uploads/sites/2/2023/04/bg_img1.png]
[webkit.moxcreative.com/popglace/wp-content/uploads/sites/2/2023/04/memphis_3.png]
[webkit.moxcreative.com/popglace/wp-content/uploads/sites/2/2023/04/berries-and-ice-cream-balls-on-white-background-summer-concept.jpg]
[webkit.moxcreative.com/popglace/wp-content/uploads/sites/2/2023/04/memphis_2.png]
[webkit.moxcreative.com/popglace/wp-content/uploads/sites/2/2023/04/ice-cream-1.jpg]
[webkit.moxcreative.com/popglace/wp-content/uploads/sites/2/elementor/css/post-9752086.css]
[webkit.moxcreative.com/popglace/wp-content/plugins/elementor-pro/assets/css/widget-call-to-action.min.css]
[webkit.moxcreative.com/popglace/wp-content/plugins/elementor/assets/css/widget-icon-box.min.css]
[webkit.moxcreative.com/popglace/wp-content/plugins/elementor-pro/assets/css/widget-carousel.min.css]
[webkit.moxcreative.com/popglace/wp-content/uploads/sites/2/elementor/css/post-678c3c2.css]
[webkit.moxcreative.com/popglace/wp-content/uploads/sites/2/2023/04/selective-focus-shot-of-various-flavored-delicious-ice-cream-scoops.jpg]
[webkit.moxcreative.com/popglace/wp-content/uploads/sites/2/elementor/css/post-853af78.css]
[webkit.moxcreative.com/popglace/wp-content/uploads/sites/2/2023/04/vanilla-ice-cream.jpg]
[webkit.moxcreative.com/popglace/wp-content/uploads/sites/2/elementor/css/post-772bbec.css]
[webkit.moxcreative.com/popglace/wp-content/uploads/sites/2/2023/04/memphis_1.png]
[webkit.moxcreative.com/popglace/wp-content/uploads/sites/2/elementor/css/post-56308f2.css]
[webkit.moxcreative.com/popglace/wp-content/plugins/elementor/assets/lib/flatpickr/flatpickr.mineda1.css]
[webkit.moxcreative.com/popglace/wp-content/uploads/sites/2/elementor/css/post-441614c.css]
[webkit.moxcreative.com/popglace/wp-content/uploads/sites/2/elementor/css/post-15313d6.css]
[webkit.moxcreative.com/popglace/wp-content/uploads/sites/2/elementor/css/post-311242b.css]
[webkit.moxcreative.com/popglace/wp-content/uploads/sites/2/elementor/css/post-226f285.css]
[webkit.moxcreative.com/popglace/wp-content/plugins/skyboot-custom-icons-for-elementor/assets/css//fonts/themifyd41d.html]
